2026-04-19 08:25:02 +01:00: ⚠ Warning: Next.js inferred your workspace root, but it may not be correct.
2026-04-19 08:25:02 +01:00:  We detected multiple lockfiles and selected the directory of C:\Users\ELEKTRAN\Documents\SAFETRACK_CHINESE\dashboards\mantrac\package-lock.json as the root directory.
2026-04-19 08:25:02 +01:00:  To silence this warning, set `turbopack.root` in your Next.js config, or consider removing one of the lockfiles if it's not needed.
2026-04-19 08:25:02 +01:00:    See https://nextjs.org/docs/app/api-reference/config/next-config-js/turbopack#root-directory for more information.
2026-04-19 08:25:02 +01:00:  Detected additional lockfiles: 
2026-04-19 08:25:02 +01:00:    * C:\Users\ELEKTRAN\Documents\SAFETRACK_CHINESE\dashboards\mantrac\mantrac-dashboard\package-lock.json
2026-04-19 08:25:02 +01:00: 
2026-04-19 08:25:03 +01:00: ⚠ The "middleware" file convention is deprecated. Please use "proxy" instead. Learn more: https://nextjs.org/docs/messages/middleware-to-proxy
2026-04-19 08:25:13 +01:00: [Monitor] Failed to fetch devices: global_error_token_expire
2026-04-19 08:33:35 +01:00: ⨯ Failed to start server
2026-04-19 08:33:35 +01:00: Error: listen EADDRINUSE: address already in use :::3000
2026-04-19 08:33:35 +01:00:     at <unknown> (Error: listen EADDRINUSE: address already in use :::3000)
2026-04-19 08:33:35 +01:00:     at new Promise (<anonymous>) {
2026-04-19 08:33:35 +01:00:   code: 'EADDRINUSE',
2026-04-19 08:33:35 +01:00:   errno: -4091,
2026-04-19 08:33:35 +01:00:   syscall: 'listen',
2026-04-19 08:33:35 +01:00:   address: '::',
2026-04-19 08:33:35 +01:00:   port: 3000
2026-04-19 08:33:35 +01:00: }
2026-04-19 08:33:44 +01:00: ⨯ Failed to start server
2026-04-19 08:33:44 +01:00: Error: listen EADDRINUSE: address already in use :::3000
2026-04-19 08:33:44 +01:00:     at <unknown> (Error: listen EADDRINUSE: address already in use :::3000)
2026-04-19 08:33:44 +01:00:     at new Promise (<anonymous>) {
2026-04-19 08:33:44 +01:00:   code: 'EADDRINUSE',
2026-04-19 08:33:44 +01:00:   errno: -4091,
2026-04-19 08:33:44 +01:00:   syscall: 'listen',
2026-04-19 08:33:44 +01:00:   address: '::',
2026-04-19 08:33:44 +01:00:   port: 3000
2026-04-19 08:33:44 +01:00: }
2026-04-19 08:33:51 +01:00: ⨯ Failed to start server
2026-04-19 08:33:51 +01:00: Error: listen EADDRINUSE: address already in use :::3000
2026-04-19 08:33:51 +01:00:     at <unknown> (Error: listen EADDRINUSE: address already in use :::3000)
2026-04-19 08:33:51 +01:00:     at new Promise (<anonymous>) {
2026-04-19 08:33:51 +01:00:   code: 'EADDRINUSE',
2026-04-19 08:33:51 +01:00:   errno: -4091,
2026-04-19 08:33:51 +01:00:   syscall: 'listen',
2026-04-19 08:33:51 +01:00:   address: '::',
2026-04-19 08:33:51 +01:00:   port: 3000
2026-04-19 08:33:51 +01:00: }
2026-04-19 08:34:00 +01:00: ⨯ Failed to start server
2026-04-19 08:34:00 +01:00: Error: listen EADDRINUSE: address already in use :::3000
2026-04-19 08:34:00 +01:00:     at <unknown> (Error: listen EADDRINUSE: address already in use :::3000)
2026-04-19 08:34:00 +01:00:     at new Promise (<anonymous>) {
2026-04-19 08:34:00 +01:00:   code: 'EADDRINUSE',
2026-04-19 08:34:00 +01:00:   errno: -4091,
2026-04-19 08:34:00 +01:00:   syscall: 'listen',
2026-04-19 08:34:00 +01:00:   address: '::',
2026-04-19 08:34:00 +01:00:   port: 3000
2026-04-19 08:34:00 +01:00: }
2026-04-19 08:34:08 +01:00: ⨯ Failed to start server
2026-04-19 08:34:08 +01:00: Error: listen EADDRINUSE: address already in use :::3000
2026-04-19 08:34:08 +01:00:     at <unknown> (Error: listen EADDRINUSE: address already in use :::3000)
2026-04-19 08:34:08 +01:00:     at new Promise (<anonymous>) {
2026-04-19 08:34:08 +01:00:   code: 'EADDRINUSE',
2026-04-19 08:34:08 +01:00:   errno: -4091,
2026-04-19 08:34:08 +01:00:   syscall: 'listen',
2026-04-19 08:34:08 +01:00:   address: '::',
2026-04-19 08:34:08 +01:00:   port: 3000
2026-04-19 08:34:08 +01:00: }
2026-04-19 08:34:17 +01:00: ⨯ Failed to start server
2026-04-19 08:34:17 +01:00: Error: listen EADDRINUSE: address already in use :::3000
2026-04-19 08:34:17 +01:00:     at <unknown> (Error: listen EADDRINUSE: address already in use :::3000)
2026-04-19 08:34:17 +01:00:     at new Promise (<anonymous>) {
2026-04-19 08:34:17 +01:00:   code: 'EADDRINUSE',
2026-04-19 08:34:17 +01:00:   errno: -4091,
2026-04-19 08:34:17 +01:00:   syscall: 'listen',
2026-04-19 08:34:17 +01:00:   address: '::',
2026-04-19 08:34:17 +01:00:   port: 3000
2026-04-19 08:34:17 +01:00: }
2026-04-19 08:34:25 +01:00: ⨯ Failed to start server
2026-04-19 08:34:25 +01:00: Error: listen EADDRINUSE: address already in use :::3000
2026-04-19 08:34:25 +01:00:     at <unknown> (Error: listen EADDRINUSE: address already in use :::3000)
2026-04-19 08:34:25 +01:00:     at new Promise (<anonymous>) {
2026-04-19 08:34:25 +01:00:   code: 'EADDRINUSE',
2026-04-19 08:34:25 +01:00:   errno: -4091,
2026-04-19 08:34:25 +01:00:   syscall: 'listen',
2026-04-19 08:34:25 +01:00:   address: '::',
2026-04-19 08:34:25 +01:00:   port: 3000
2026-04-19 08:34:25 +01:00: }
2026-04-19 08:34:33 +01:00: ⨯ Failed to start server
2026-04-19 08:34:33 +01:00: Error: listen EADDRINUSE: address already in use :::3000
2026-04-19 08:34:33 +01:00:     at <unknown> (Error: listen EADDRINUSE: address already in use :::3000)
2026-04-19 08:34:33 +01:00:     at new Promise (<anonymous>) {
2026-04-19 08:34:33 +01:00:   code: 'EADDRINUSE',
2026-04-19 08:34:33 +01:00:   errno: -4091,
2026-04-19 08:34:33 +01:00:   syscall: 'listen',
2026-04-19 08:34:33 +01:00:   address: '::',
2026-04-19 08:34:33 +01:00:   port: 3000
2026-04-19 08:34:33 +01:00: }
2026-04-19 08:34:40 +01:00: ⨯ Failed to start server
2026-04-19 08:34:40 +01:00: Error: listen EADDRINUSE: address already in use :::3000
2026-04-19 08:34:40 +01:00:     at <unknown> (Error: listen EADDRINUSE: address already in use :::3000)
2026-04-19 08:34:40 +01:00:     at new Promise (<anonymous>) {
2026-04-19 08:34:40 +01:00:   code: 'EADDRINUSE',
2026-04-19 08:34:40 +01:00:   errno: -4091,
2026-04-19 08:34:40 +01:00:   syscall: 'listen',
2026-04-19 08:34:40 +01:00:   address: '::',
2026-04-19 08:34:40 +01:00:   port: 3000
2026-04-19 08:34:40 +01:00: }
2026-04-19 08:34:48 +01:00: ⨯ Failed to start server
2026-04-19 08:34:48 +01:00: Error: listen EADDRINUSE: address already in use :::3000
2026-04-19 08:34:48 +01:00:     at <unknown> (Error: listen EADDRINUSE: address already in use :::3000)
2026-04-19 08:34:48 +01:00:     at new Promise (<anonymous>) {
2026-04-19 08:34:48 +01:00:   code: 'EADDRINUSE',
2026-04-19 08:34:48 +01:00:   errno: -4091,
2026-04-19 08:34:48 +01:00:   syscall: 'listen',
2026-04-19 08:34:48 +01:00:   address: '::',
2026-04-19 08:34:48 +01:00:   port: 3000
2026-04-19 08:34:48 +01:00: }
2026-04-19 08:37:29 +01:00: ⚠ Warning: Next.js inferred your workspace root, but it may not be correct.
2026-04-19 08:37:29 +01:00:  We detected multiple lockfiles and selected the directory of C:\Users\ELEKTRAN\Documents\SAFETRACK_CHINESE\dashboards\mantrac\package-lock.json as the root directory.
2026-04-19 08:37:29 +01:00:  To silence this warning, set `turbopack.root` in your Next.js config, or consider removing one of the lockfiles if it's not needed.
2026-04-19 08:37:29 +01:00:    See https://nextjs.org/docs/app/api-reference/config/next-config-js/turbopack#root-directory for more information.
2026-04-19 08:37:29 +01:00:  Detected additional lockfiles: 
2026-04-19 08:37:29 +01:00:    * C:\Users\ELEKTRAN\Documents\SAFETRACK_CHINESE\dashboards\mantrac\mantrac-dashboard\package-lock.json
2026-04-19 08:37:29 +01:00: 
2026-04-19 08:37:30 +01:00: ⚠ The "middleware" file convention is deprecated. Please use "proxy" instead. Learn more: https://nextjs.org/docs/messages/middleware-to-proxy
2026-04-19 08:37:37 +01:00: [Monitor] Failed to fetch devices: global_error_token_expire
2026-04-19 16:19:40 +01:00: ⚠ Warning: Next.js inferred your workspace root, but it may not be correct.
2026-04-19 16:19:40 +01:00:  We detected multiple lockfiles and selected the directory of C:\Users\ELEKTRAN\Documents\SAFETRACK_CHINESE\dashboards\mantrac\package-lock.json as the root directory.
2026-04-19 16:19:40 +01:00:  To silence this warning, set `turbopack.root` in your Next.js config, or consider removing one of the lockfiles if it's not needed.
2026-04-19 16:19:40 +01:00:    See https://nextjs.org/docs/app/api-reference/config/next-config-js/turbopack#root-directory for more information.
2026-04-19 16:19:40 +01:00:  Detected additional lockfiles: 
2026-04-19 16:19:40 +01:00:    * C:\Users\ELEKTRAN\Documents\SAFETRACK_CHINESE\dashboards\mantrac\mantrac-dashboard\package-lock.json
2026-04-19 16:19:40 +01:00: 
2026-04-19 16:19:42 +01:00: ⚠ The "middleware" file convention is deprecated. Please use "proxy" instead. Learn more: https://nextjs.org/docs/messages/middleware-to-proxy
2026-04-19 16:19:49 +01:00: [Monitor] Failed to fetch devices: global_error_token_expire
2026-04-24 22:41:15 +01:00: ⚠ Warning: Next.js inferred your workspace root, but it may not be correct.
2026-04-24 22:41:15 +01:00:  We detected multiple lockfiles and selected the directory of C:\Users\ELEKTRAN\Documents\SAFETRACK_CHINESE\dashboards\mantrac\package-lock.json as the root directory.
2026-04-24 22:41:15 +01:00:  To silence this warning, set `turbopack.root` in your Next.js config, or consider removing one of the lockfiles if it's not needed.
2026-04-24 22:41:15 +01:00:    See https://nextjs.org/docs/app/api-reference/config/next-config-js/turbopack#root-directory for more information.
2026-04-24 22:41:15 +01:00:  Detected additional lockfiles: 
2026-04-24 22:41:15 +01:00:    * C:\Users\ELEKTRAN\Documents\SAFETRACK_CHINESE\dashboards\mantrac\mantrac-dashboard\package-lock.json
2026-04-24 22:41:15 +01:00: 
2026-04-24 22:41:16 +01:00: ⚠ The "middleware" file convention is deprecated. Please use "proxy" instead. Learn more: https://nextjs.org/docs/messages/middleware-to-proxy
2026-04-24 22:41:26 +01:00: [Monitor] IP WHITELIST ERROR: 102.89.46.100 is not whitelisted in GPS51 API
2026-04-24 23:02:53 +01:00: ⚠ Warning: Next.js inferred your workspace root, but it may not be correct.
2026-04-24 23:02:53 +01:00:  We detected multiple lockfiles and selected the directory of C:\Users\ELEKTRAN\Documents\SAFETRACK_CHINESE\dashboards\mantrac\package-lock.json as the root directory.
2026-04-24 23:02:53 +01:00:  To silence this warning, set `turbopack.root` in your Next.js config, or consider removing one of the lockfiles if it's not needed.
2026-04-24 23:02:53 +01:00:    See https://nextjs.org/docs/app/api-reference/config/next-config-js/turbopack#root-directory for more information.
2026-04-24 23:02:53 +01:00:  Detected additional lockfiles: 
2026-04-24 23:02:53 +01:00:    * C:\Users\ELEKTRAN\Documents\SAFETRACK_CHINESE\dashboards\mantrac\mantrac-dashboard\package-lock.json
2026-04-24 23:02:53 +01:00: 
2026-04-24 23:02:54 +01:00: ⚠ The "middleware" file convention is deprecated. Please use "proxy" instead. Learn more: https://nextjs.org/docs/messages/middleware-to-proxy
2026-04-24 23:03:00 +01:00: [Monitor] Failed to fetch devices: global_error_token_expire
2026-04-25 00:14:26 +01:00: [Email] Failed to send email: Error: connect ETIMEDOUT 192.250.231.4:587
2026-04-25 00:14:26 +01:00:     at <unknown> (Error: connect ETIMEDOUT 192.250.231.4:587) {
2026-04-25 00:14:26 +01:00:   errno: -4039,
2026-04-25 00:14:26 +01:00:   code: 'ESOCKET',
2026-04-25 00:14:26 +01:00:   syscall: 'connect',
2026-04-25 00:14:26 +01:00:   address: '192.250.231.4',
2026-04-25 00:14:26 +01:00:   port: 587,
2026-04-25 00:14:26 +01:00:   command: 'CONN'
2026-04-25 00:14:26 +01:00: }
2026-04-25 15:07:02 +01:00: ⚠ Warning: Next.js inferred your workspace root, but it may not be correct.
2026-04-25 15:07:02 +01:00:  We detected multiple lockfiles and selected the directory of C:\Users\ELEKTRAN\Documents\SAFETRACK_CHINESE\dashboards\mantrac\package-lock.json as the root directory.
2026-04-25 15:07:02 +01:00:  To silence this warning, set `turbopack.root` in your Next.js config, or consider removing one of the lockfiles if it's not needed.
2026-04-25 15:07:02 +01:00:    See https://nextjs.org/docs/app/api-reference/config/next-config-js/turbopack#root-directory for more information.
2026-04-25 15:07:02 +01:00:  Detected additional lockfiles: 
2026-04-25 15:07:02 +01:00:    * C:\Users\ELEKTRAN\Documents\SAFETRACK_CHINESE\dashboards\mantrac\mantrac-dashboard\package-lock.json
2026-04-25 15:07:02 +01:00: 
2026-04-25 15:07:04 +01:00: ⚠ The "middleware" file convention is deprecated. Please use "proxy" instead. Learn more: https://nextjs.org/docs/messages/middleware-to-proxy
2026-04-25 15:07:12 +01:00: [Monitor] Failed to fetch devices: global_error_token_expire
2026-04-25 16:18:03 +01:00: [Email] Failed to send email: Error: connect ETIMEDOUT 192.250.231.4:587
2026-04-25 16:18:03 +01:00:     at <unknown> (Error: connect ETIMEDOUT 192.250.231.4:587) {
2026-04-25 16:18:03 +01:00:   errno: -4039,
2026-04-25 16:18:03 +01:00:   code: 'ESOCKET',
2026-04-25 16:18:03 +01:00:   syscall: 'connect',
2026-04-25 16:18:03 +01:00:   address: '192.250.231.4',
2026-04-25 16:18:03 +01:00:   port: 587,
2026-04-25 16:18:03 +01:00:   command: 'CONN'
2026-04-25 16:18:03 +01:00: }
2026-04-25 23:59:07 +01:00: [Monitor] Failed to connect to GPS51 API after retries: TypeError: fetch failed
2026-04-25 23:59:07 +01:00:     at async fetchWithRetry (app\api\monitor-overspeed\route.ts:211:24)
2026-04-25 23:59:07 +01:00:     at async POST (app\api\monitor-overspeed\route.ts:305:25)
2026-04-25 23:59:07 +01:00:   209 |       const timeoutId = setTimeout(() => controller.abort(), timeout);
2026-04-25 23:59:07 +01:00:   210 |       
2026-04-25 23:59:07 +01:00: > 211 |       const response = await fetch(url, {
2026-04-25 23:59:07 +01:00:       |                        ^
2026-04-25 23:59:07 +01:00:   212 |         ...options,
2026-04-25 23:59:07 +01:00:   213 |         signal: controller.signal,
2026-04-25 23:59:07 +01:00:   214 |       }); {
2026-04-25 23:59:07 +01:00:   [cause]: Error: getaddrinfo ENOTFOUND api.gps51.com
2026-04-25 23:59:07 +01:00:       at ignore-listed frames {
2026-04-25 23:59:07 +01:00:     errno: -3008,
2026-04-25 23:59:07 +01:00:     code: 'ENOTFOUND',
2026-04-25 23:59:07 +01:00:     syscall: 'getaddrinfo',
2026-04-25 23:59:07 +01:00:     hostname: 'api.gps51.com'
2026-04-25 23:59:07 +01:00:   }
2026-04-25 23:59:07 +01:00: }
2026-04-26 07:54:52 +01:00: ⚠ Warning: Next.js inferred your workspace root, but it may not be correct.
2026-04-26 07:54:52 +01:00:  We detected multiple lockfiles and selected the directory of C:\Users\ELEKTRAN\Documents\SAFETRACK_CHINESE\dashboards\mantrac\package-lock.json as the root directory.
2026-04-26 07:54:52 +01:00:  To silence this warning, set `turbopack.root` in your Next.js config, or consider removing one of the lockfiles if it's not needed.
2026-04-26 07:54:52 +01:00:    See https://nextjs.org/docs/app/api-reference/config/next-config-js/turbopack#root-directory for more information.
2026-04-26 07:54:52 +01:00:  Detected additional lockfiles: 
2026-04-26 07:54:52 +01:00:    * C:\Users\ELEKTRAN\Documents\SAFETRACK_CHINESE\dashboards\mantrac\mantrac-dashboard\package-lock.json
2026-04-26 07:54:52 +01:00: 
2026-04-26 07:54:53 +01:00: ⚠ The "middleware" file convention is deprecated. Please use "proxy" instead. Learn more: https://nextjs.org/docs/messages/middleware-to-proxy
2026-04-26 07:55:00 +01:00: [Monitor] Failed to fetch devices: global_error_token_expire
2026-04-26 08:49:11 +01:00: [Email] Failed to send email: Error: getaddrinfo ENOTFOUND mail.safetrack.com.ng
2026-04-26 08:49:11 +01:00:     at ignore-listed frames {
2026-04-26 08:49:11 +01:00:   errno: -3008,
2026-04-26 08:49:11 +01:00:   code: 'EDNS',
2026-04-26 08:49:11 +01:00:   syscall: 'getaddrinfo',
2026-04-26 08:49:11 +01:00:   hostname: 'mail.safetrack.com.ng',
2026-04-26 08:49:11 +01:00:   command: 'CONN'
2026-04-26 08:49:11 +01:00: }
2026-04-26 09:53:20 +01:00: ⚠ Warning: Next.js inferred your workspace root, but it may not be correct.
2026-04-26 09:53:20 +01:00:  We detected multiple lockfiles and selected the directory of C:\Users\ELEKTRAN\Documents\SAFETRACK_CHINESE\dashboards\mantrac\package-lock.json as the root directory.
2026-04-26 09:53:20 +01:00:  To silence this warning, set `turbopack.root` in your Next.js config, or consider removing one of the lockfiles if it's not needed.
2026-04-26 09:53:20 +01:00:    See https://nextjs.org/docs/app/api-reference/config/next-config-js/turbopack#root-directory for more information.
2026-04-26 09:53:20 +01:00:  Detected additional lockfiles: 
2026-04-26 09:53:20 +01:00:    * C:\Users\ELEKTRAN\Documents\SAFETRACK_CHINESE\dashboards\mantrac\mantrac-dashboard\package-lock.json
2026-04-26 09:53:20 +01:00: 
2026-04-26 09:53:21 +01:00: ⚠ The "middleware" file convention is deprecated. Please use "proxy" instead. Learn more: https://nextjs.org/docs/messages/middleware-to-proxy
2026-04-26 23:51:19 +01:00: ⚠ Warning: Next.js inferred your workspace root, but it may not be correct.
2026-04-26 23:51:19 +01:00:  We detected multiple lockfiles and selected the directory of C:\Users\ELEKTRAN\Documents\SAFETRACK_CHINESE\dashboards\mantrac\package-lock.json as the root directory.
2026-04-26 23:51:19 +01:00:  To silence this warning, set `turbopack.root` in your Next.js config, or consider removing one of the lockfiles if it's not needed.
2026-04-26 23:51:19 +01:00:    See https://nextjs.org/docs/app/api-reference/config/next-config-js/turbopack#root-directory for more information.
2026-04-26 23:51:19 +01:00:  Detected additional lockfiles: 
2026-04-26 23:51:19 +01:00:    * C:\Users\ELEKTRAN\Documents\SAFETRACK_CHINESE\dashboards\mantrac\mantrac-dashboard\package-lock.json
2026-04-26 23:51:19 +01:00: 
2026-04-26 23:51:21 +01:00: ⚠ The "middleware" file convention is deprecated. Please use "proxy" instead. Learn more: https://nextjs.org/docs/messages/middleware-to-proxy
2026-04-26 23:53:38 +01:00: Alarm API - Missing or invalid devices array
2026-04-26 23:53:39 +01:00: Alarm API - Missing or invalid devices array
2026-04-26 23:59:03 +01:00: [Monitor] Failed to fetch devices: global_error_token_expire
2026-04-27 01:04:17 +01:00: [Email] Failed to send email: Error: connect ETIMEDOUT 192.250.231.4:587
2026-04-27 01:04:17 +01:00:     at <unknown> (Error: connect ETIMEDOUT 192.250.231.4:587) {
2026-04-27 01:04:17 +01:00:   errno: -4039,
2026-04-27 01:04:17 +01:00:   code: 'ESOCKET',
2026-04-27 01:04:17 +01:00:   syscall: 'connect',
2026-04-27 01:04:17 +01:00:   address: '192.250.231.4',
2026-04-27 01:04:17 +01:00:   port: 587,
2026-04-27 01:04:17 +01:00:   command: 'CONN'
2026-04-27 01:04:17 +01:00: }
2026-04-27 01:04:38 +01:00: [Email] Failed to send email: Error: connect ETIMEDOUT 192.250.231.4:587
2026-04-27 01:04:38 +01:00:     at <unknown> (Error: connect ETIMEDOUT 192.250.231.4:587) {
2026-04-27 01:04:38 +01:00:   errno: -4039,
2026-04-27 01:04:38 +01:00:   code: 'ESOCKET',
2026-04-27 01:04:38 +01:00:   syscall: 'connect',
2026-04-27 01:04:38 +01:00:   address: '192.250.231.4',
2026-04-27 01:04:38 +01:00:   port: 587,
2026-04-27 01:04:38 +01:00:   command: 'CONN'
2026-04-27 01:04:38 +01:00: }
2026-04-27 22:19:38 +01:00: ⚠ Warning: Next.js inferred your workspace root, but it may not be correct.
2026-04-27 22:19:38 +01:00:  We detected multiple lockfiles and selected the directory of C:\Users\ELEKTRAN\Documents\SAFETRACK_CHINESE\dashboards\mantrac\package-lock.json as the root directory.
2026-04-27 22:19:38 +01:00:  To silence this warning, set `turbopack.root` in your Next.js config, or consider removing one of the lockfiles if it's not needed.
2026-04-27 22:19:38 +01:00:    See https://nextjs.org/docs/app/api-reference/config/next-config-js/turbopack#root-directory for more information.
2026-04-27 22:19:38 +01:00:  Detected additional lockfiles: 
2026-04-27 22:19:38 +01:00:    * C:\Users\ELEKTRAN\Documents\SAFETRACK_CHINESE\dashboards\mantrac\mantrac-dashboard\package-lock.json
2026-04-27 22:19:38 +01:00: 
2026-04-27 22:19:39 +01:00: ⚠ The "middleware" file convention is deprecated. Please use "proxy" instead. Learn more: https://nextjs.org/docs/messages/middleware-to-proxy
2026-04-27 22:41:37 +01:00: API Route - Exception: TypeError: fetch failed
2026-04-27 22:41:37 +01:00:     at async POST (app\api\devices\route.ts:33:22)
2026-04-27 22:41:37 +01:00:   31 |
2026-04-27 22:41:37 +01:00:   32 |     // Make the request to the external API
2026-04-27 22:41:37 +01:00: > 33 |     const response = await fetch(apiUrl, {
2026-04-27 22:41:37 +01:00:      |                      ^
2026-04-27 22:41:37 +01:00:   34 |       method: 'POST',
2026-04-27 22:41:37 +01:00:   35 |       headers: {
2026-04-27 22:41:37 +01:00:   36 |         'Content-Type': 'application/json', {
2026-04-27 22:41:37 +01:00:   [cause]: Error [ConnectTimeoutError]: Connect Timeout Error (attempted address: api.gps51.com:443, timeout: 10000ms)
2026-04-27 22:41:37 +01:00:       at ignore-listed frames {
2026-04-27 22:41:37 +01:00:     code: 'UND_ERR_CONNECT_TIMEOUT'
2026-04-27 22:41:37 +01:00:   }
2026-04-27 22:41:37 +01:00: }
2026-04-27 22:44:33 +01:00: API Route - Exception: TypeError: fetch failed
2026-04-27 22:44:33 +01:00:     at async POST (app\api\devices\route.ts:33:22)
2026-04-27 22:44:33 +01:00:   31 |
2026-04-27 22:44:33 +01:00:   32 |     // Make the request to the external API
2026-04-27 22:44:33 +01:00: > 33 |     const response = await fetch(apiUrl, {
2026-04-27 22:44:33 +01:00:      |                      ^
2026-04-27 22:44:33 +01:00:   34 |       method: 'POST',
2026-04-27 22:44:33 +01:00:   35 |       headers: {
2026-04-27 22:44:33 +01:00:   36 |         'Content-Type': 'application/json', {
2026-04-27 22:44:33 +01:00:   [cause]: Error [ConnectTimeoutError]: Connect Timeout Error (attempted address: api.gps51.com:443, timeout: 10000ms)
2026-04-27 22:44:33 +01:00:       at ignore-listed frames {
2026-04-27 22:44:33 +01:00:     code: 'UND_ERR_CONNECT_TIMEOUT'
2026-04-27 22:44:33 +01:00:   }
2026-04-27 22:44:33 +01:00: }
2026-04-27 22:44:33 +01:00: API Route - Exception: TypeError: fetch failed
2026-04-27 22:44:33 +01:00:     at async POST (app\api\devices\route.ts:33:22)
2026-04-27 22:44:33 +01:00:   31 |
2026-04-27 22:44:33 +01:00:   32 |     // Make the request to the external API
2026-04-27 22:44:33 +01:00: > 33 |     const response = await fetch(apiUrl, {
2026-04-27 22:44:33 +01:00:      |                      ^
2026-04-27 22:44:33 +01:00:   34 |       method: 'POST',
2026-04-27 22:44:33 +01:00:   35 |       headers: {
2026-04-27 22:44:33 +01:00:   36 |         'Content-Type': 'application/json', {
2026-04-27 22:44:33 +01:00:   [cause]: Error [ConnectTimeoutError]: Connect Timeout Error (attempted address: api.gps51.com:443, timeout: 10000ms)
2026-04-27 22:44:33 +01:00:       at ignore-listed frames {
2026-04-27 22:44:33 +01:00:     code: 'UND_ERR_CONNECT_TIMEOUT'
2026-04-27 22:44:33 +01:00:   }
2026-04-27 22:44:33 +01:00: }
2026-04-27 22:44:34 +01:00: API Route - Exception: TypeError: fetch failed
2026-04-27 22:44:34 +01:00:     at async POST (app\api\devices\route.ts:33:22)
2026-04-27 22:44:34 +01:00:   31 |
2026-04-27 22:44:34 +01:00:   32 |     // Make the request to the external API
2026-04-27 22:44:34 +01:00: > 33 |     const response = await fetch(apiUrl, {
2026-04-27 22:44:34 +01:00:      |                      ^
2026-04-27 22:44:34 +01:00:   34 |       method: 'POST',
2026-04-27 22:44:34 +01:00:   35 |       headers: {
2026-04-27 22:44:34 +01:00:   36 |         'Content-Type': 'application/json', {
2026-04-27 22:44:34 +01:00:   [cause]: Error [ConnectTimeoutError]: Connect Timeout Error (attempted address: api.gps51.com:443, timeout: 10000ms)
2026-04-27 22:44:34 +01:00:       at ignore-listed frames {
2026-04-27 22:44:34 +01:00:     code: 'UND_ERR_CONNECT_TIMEOUT'
2026-04-27 22:44:34 +01:00:   }
2026-04-27 22:44:34 +01:00: }
2026-04-27 22:45:06 +01:00: API Route - Exception: TypeError: fetch failed
2026-04-27 22:45:06 +01:00:     at async POST (app\api\devices\route.ts:33:22)
2026-04-27 22:45:06 +01:00:   31 |
2026-04-27 22:45:06 +01:00:   32 |     // Make the request to the external API
2026-04-27 22:45:06 +01:00: > 33 |     const response = await fetch(apiUrl, {
2026-04-27 22:45:06 +01:00:      |                      ^
2026-04-27 22:45:06 +01:00:   34 |       method: 'POST',
2026-04-27 22:45:06 +01:00:   35 |       headers: {
2026-04-27 22:45:06 +01:00:   36 |         'Content-Type': 'application/json', {
2026-04-27 22:45:06 +01:00:   [cause]: Error [ConnectTimeoutError]: Connect Timeout Error (attempted address: api.gps51.com:443, timeout: 10000ms)
2026-04-27 22:45:06 +01:00:       at ignore-listed frames {
2026-04-27 22:45:06 +01:00:     code: 'UND_ERR_CONNECT_TIMEOUT'
2026-04-27 22:45:06 +01:00:   }
2026-04-27 22:45:06 +01:00: }
2026-04-27 23:59:09 +01:00: [Monitor] Failed to fetch devices: global_error_token_expire
